#
# There is insufficient memory for the Java Runtime Environment to continue.
# Native memory allocation (malloc) failed to allocate 1092064 bytes. Error detail: Chunk::new
# Possible reasons:
#   The system is out of physical RAM or swap space
#   This process is running with CompressedOops enabled, and the Java Heap may be blocking the growth of the native heap
# Possible solutions:
#   Reduce memory load on the system
#   Increase physical memory or swap space
#   Check if swap backing store is full
#   Decrease Java heap size (-Xmx/-Xms)
#   Decrease number of Java threads
#   Decrease Java thread stack sizes (-Xss)
#   Set larger code cache with -XX:ReservedCodeCacheSize=
#   JVM is running with Zero Based Compressed Oops mode in which the Java heap is
#     placed in the first 32GB address space. The Java Heap base address is the
#     maximum limit for the native heap growth. Please use -XX:HeapBaseMinAddress
#     to set the Java Heap base and to place the Java Heap above 32GB virtual address.
# This output file may be truncated or incomplete.
#
#  Out of Memory Error (arena.cpp:186), pid=29528, tid=24304
#
# JRE version: OpenJDK Runtime Environment JBR-25.0.3+9-508.16-nomod (25.0.3+9) (build 25.0.3+9-b508.16)
# Java VM: OpenJDK 64-Bit Server VM JBR-25.0.3+9-508.16-nomod (25.0.3+9-b508.16, mixed mode, sharing, tiered, compressed oops, compressed class ptrs, g1 gc, windows-amd64)
# No core dump will be written. Minidumps are not enabled by default on client versions of Windows
#

---------------  S U M M A R Y ------------

Command Line: git4idea.http.GitAskPassApp Username for 'https://github.com': 

Host: 12th Gen Intel(R) Core(TM) i5-12600K, 16 cores, 15G,  Windows 11 , 64 bit Build 26100 (10.0.26100.8521)
Time: Fri Sep  4 14:41:07 2026 elapsed time: 1.872139 seconds (0d 0h 0m 1s)

---------------  T H R E A D  ---------------

Current thread (0x000001e9c8d772c0):  JavaThread "C2 CompilerThread0" daemon [_thread_in_native, id=24304, stack(0x000000a6d1700000,0x000000a6d1800000) (1024K)]


Current CompileTask:
C2:1872 1109       4       sun.security.ec.ECOperations::setDouble (463 bytes)

Stack: [0x000000a6d1700000,0x000000a6d1800000]
Native frames: (J=compiled Java code, j=interpreted, Vv=VM code, C=native code)
V  [jvm.dll+0x7c2949]  (no source info available)
V  [jvm.dll+0x78c01d]  (no source info available)
V  [jvm.dll+0xa105b3]  (no source info available)
V  [jvm.dll+0xa12dac]  (no source info available)
V  [jvm.dll+0xa134a3]  (no source info available)
V  [jvm.dll+0x308106]  (no source info available)
V  [jvm.dll+0x1149e6]  (no source info available)
V  [jvm.dll+0x114d16]  (no source info available)
V  [jvm.dll+0x4611d7]  (no source info available)
V  [jvm.dll+0x25d84a]  (no source info available)
V  [jvm.dll+0x2c9f9c]  (no source info available)
V  [jvm.dll+0x2c909b]  (no source info available)
V  [jvm.dll+0x2408d0]  (no source info available)
V  [jvm.dll+0x2d9124]  (no source info available)
V  [jvm.dll+0x2d734b]  (no source info available)
V  [jvm.dll+0x49e865]  (no source info available)
V  [jvm.dll+0x9b047d]  (no source info available)
V  [jvm.dll+0x7c0e65]  (no source info available)
C  [ucrtbase.dll+0x2cd30]  (no source info available)
C  [KERNEL32.DLL+0x2e957]  (no source info available)
C  [ntdll.dll+0x87c1c]  (no source info available)

Lock stack of current Java thread (top to bottom):


---------------  P R O C E S S  ---------------

Threads class SMR info:
_java_thread_list=0x000001e9ce7fd260, length=19, elements={
0x000001e9abcaedc0, 0x000001e9c8d3aaa0, 0x000001e9c8d3f050, 0x000001e9c8d3fab0,
0x000001e9c8d43110, 0x000001e9c8d45630, 0x000001e9c8d48d70, 0x000001e9c8d4aab0,
0x000001e9c8d772c0, 0x000001e9c8d86300, 0x000001e9c8d701d0, 0x000001e9c94c0000,
0x000001e9c9691190, 0x000001e9c8d6ea60, 0x000001e9c8d730b0, 0x000001e9c8d74050,
0x000001e9ce562330, 0x000001e9ce6819e0, 0x000001e9ce685bb0
}

Java Threads: ( => current thread )
  0x000001e9abcaedc0 JavaThread "main"                              [_thread_blocked, id=492, stack(0x000000a6d0800000,0x000000a6d0900000) (1024K)]
  0x000001e9c8d3aaa0 JavaThread "Common-Cleaner"             daemon [_thread_blocked, id=17348, stack(0x000000a6d1000000,0x000000a6d1100000) (1024K)]
  0x000001e9c8d3f050 JavaThread "Reference Handler"          daemon [_thread_blocked, id=20860, stack(0x000000a6d1100000,0x000000a6d1200000) (1024K)]
  0x000001e9c8d3fab0 JavaThread "Finalizer"                  daemon [_thread_blocked, id=27468, stack(0x000000a6d1200000,0x000000a6d1300000) (1024K)]
  0x000001e9c8d43110 JavaThread "Signal Dispatcher"          daemon [_thread_blocked, id=22480, stack(0x000000a6d1300000,0x000000a6d1400000) (1024K)]
  0x000001e9c8d45630 JavaThread "Attach Listener"            daemon [_thread_blocked, id=8748, stack(0x000000a6d1400000,0x000000a6d1500000) (1024K)]
  0x000001e9c8d48d70 JavaThread "Service Thread"             daemon [_thread_blocked, id=28004, stack(0x000000a6d1500000,0x000000a6d1600000) (1024K)]
  0x000001e9c8d4aab0 JavaThread "Monitor Deflation Thread"   daemon [_thread_blocked, id=6696, stack(0x000000a6d1600000,0x000000a6d1700000) (1024K)]
=>0x000001e9c8d772c0 JavaThread "C2 CompilerThread0"         daemon [_thread_in_native, id=24304, stack(0x000000a6d1700000,0x000000a6d1800000) (1024K)]
  0x000001e9c8d86300 JavaThread "C1 CompilerThread0"         daemon [_thread_blocked, id=27664, stack(0x000000a6d1800000,0x000000a6d1900000) (1024K)]
  0x000001e9c8d701d0 JavaThread "Notification Thread"        daemon [_thread_blocked, id=4280, stack(0x000000a6d1900000,0x000000a6d1a00000) (1024K)]
  0x000001e9c94c0000 JavaThread "C1 CompilerThread1"         daemon [_thread_blocked, id=1684, stack(0x000000a6d1a00000,0x000000a6d1b00000) (1024K)]
  0x000001e9c9691190 JavaThread "C2 CompilerThread1"         daemon [_thread_blocked, id=22548, stack(0x000000a6d1b00000,0x000000a6d1c00000) (1024K)]
  0x000001e9c8d6ea60 JavaThread "HttpClient-1-SelectorManager" daemon [_thread_in_native, id=13612, stack(0x000000a6d1c00000,0x000000a6d1d00000) (1024K)]
  0x000001e9c8d730b0 JavaThread "HttpClient-1-Worker-0"      daemon [_thread_blocked, id=9660, stack(0x000000a6d1e00000,0x000000a6d1f00000) (1024K)]
  0x000001e9c8d74050 JavaThread "HttpClient-1-Worker-1"      daemon [_thread_blocked, id=20596, stack(0x000000a6d1f00000,0x000000a6d2000000) (1024K)]
  0x000001e9ce562330 JavaThread "C2 CompilerThread2"         daemon [_thread_blocked, id=21788, stack(0x000000a6d2000000,0x000000a6d2100000) (1024K)]
  0x000001e9ce6819e0 JavaThread "C1 CompilerThread2"         daemon [_thread_blocked, id=9556, stack(0x000000a6d2100000,0x000000a6d2200000) (1024K)]
  0x000001e9ce685bb0 JavaThread "C1 CompilerThread3"         daemon [_thread_blocked, id=3252, stack(0x000000a6d2200000,0x000000a6d2300000) (1024K)]
Total: 19

Other Threads:
  0x000001e9c8d2a4c0 VMThread "VM Thread"                           [id=24460, stack(0x000000a6d0f00000,0x000000a6d1000000) (1024K)]
  0x000001e9c8beb8f0 WatcherThread "VM Periodic Task Thread"        [id=12060, stack(0x000000a6d0e00000,0x000000a6d0f00000) (1024K)]
  0x000001e9adfebe00 WorkerThread "GC Thread#0"                     [id=13404, stack(0x000000a6d0900000,0x000000a6d0a00000) (1024K)]
  0x000001e9ae005fd0 ConcurrentGCThread "G1 Main Marker"            [id=1772, stack(0x000000a6d0a00000,0x000000a6d0b00000) (1024K)]
  0x000001e9ae007b80 WorkerThread "G1 Conc#0"                       [id=6284, stack(0x000000a6d0b00000,0x000000a6d0c00000) (1024K)]
  0x000001e9c8bdade0 ConcurrentGCThread "G1 Refine#0"               [id=23000, stack(0x000000a6d0c00000,0x000000a6d0d00000) (1024K)]
  0x000001e9c8bdd800 ConcurrentGCThread "G1 Service"                [id=21944, stack(0x000000a6d0d00000,0x000000a6d0e00000) (1024K)]
Total: 7

Threads with active compile tasks:
C2 CompilerThread0  1890 1109       4       sun.security.ec.ECOperations::setDouble (463 bytes)
Total: 1

VM state: not at safepoint (normal execution)

VM Mutex/Monitor currently owned by a thread: None

Heap address: 0x0000000704000000, size: 4032 MB, Compressed Oops mode: Zero based, Oop shift amount: 3

CDS archive(s) mapped at: [0x0000000015000000-0x0000000016cc0000-0x0000000016cc0000), size 30146560, SharedBaseAddress: 0x0000000015000000, ArchiveRelocationMode: 1.
Compressed class space mapped at: 0x0000000017000000-0x0000000057000000, reserved size: 1073741824
UseCompressedClassPointers 1, UseCompactObjectHeaders 0
Narrow klass pointer bits 32, Max shift 3
Narrow klass base: 0x0000000015000000, Narrow klass shift: 0
Encoding Range: [0x0000000015000000 - 0x0000000115000000), (4294967296 bytes)
Klass Range:    [0x0000000015010000 - 0x0000000057000000), (1107230720 bytes)
Klass ID Range:  [65536 - 1107296249) (1107230713)
Protection zone: [0x0000000015000000 - 0x0000000015010000), (65536 bytes)

GC Precious Log:
 CardTable entry size: 512
 Card Set container configuration: InlinePtr #cards 4 size 8 Array Of Cards #cards 16 size 48 Howl #buckets 8 coarsen threshold 3686 Howl Bitmap #cards 512 size 80 coarsen threshold 460 Card regions per heap region 1 cards per card region 4096
 CPUs: 16 total, 16 available
 Memory: 16125M
 Large Page Support: Disabled
 NUMA Support: Disabled
 Compressed Oops: Enabled (Zero based)
 Heap Region Size: 2M
 Heap Min Capacity: 8M
 Heap Initial Capacity: 252M
 Heap Max Capacity: 4032M
 Pre-touch: Disabled
 Parallel Workers: 13
 Concurrent Workers: 3
 Concurrent Refinement Workers: 13
 Periodic GC: Disabled

Heap:
 garbage-first heap   total reserved 4128768K, committed 262144K, used 18683K [0x0000000704000000, 0x0000000800000000)
  region size 2048K, 9 young (18432K), 0 survivors (0K)

Heap Regions: E=young(eden), S=young(survivor), O=old, HS=humongous(starts), HC=humongous(continues), CS=collection set, F=free, TAMS=top-at-mark-start, PB=parsable bottom
|   0|0x0000000704000000, 0x0000000704000000, 0x0000000704200000|  0%| F|  |TAMS 0x0000000704000000| PB 0x0000000704000000| Untracked |  0
|   1|0x0000000704200000, 0x0000000704200000, 0x0000000704400000|  0%| F|  |TAMS 0x0000000704200000| PB 0x0000000704200000| Untracked |  0
|   2|0x0000000704400000, 0x0000000704400000, 0x0000000704600000|  0%| F|  |TAMS 0x0000000704400000| PB 0x0000000704400000| Untracked |  0
|   3|0x0000000704600000, 0x0000000704600000, 0x0000000704800000|  0%| F|  |TAMS 0x0000000704600000| PB 0x0000000704600000| Untracked |  0
|   4|0x0000000704800000, 0x0000000704800000, 0x0000000704a00000|  0%| F|  |TAMS 0x0000000704800000| PB 0x0000000704800000| Untracked |  0
|   5|0x0000000704a00000, 0x0000000704a00000, 0x0000000704c00000|  0%| F|  |TAMS 0x0000000704a00000| PB 0x0000000704a00000| Untracked |  0
|   6|0x0000000704c00000, 0x0000000704c00000, 0x0000000704e00000|  0%| F|  |TAMS 0x0000000704c00000| PB 0x0000000704c00000| Untracked |  0
|   7|0x0000000704e00000, 0x0000000704e00000, 0x0000000705000000|  0%| F|  |TAMS 0x0000000704e00000| PB 0x0000000704e00000| Untracked |  0
|   8|0x0000000705000000, 0x0000000705000000, 0x0000000705200000|  0%| F|  |TAMS 0x0000000705000000| PB 0x0000000705000000| Untracked |  0
|   9|0x0000000705200000, 0x0000000705200000, 0x0000000705400000|  0%| F|  |TAMS 0x0000000705200000| PB 0x0000000705200000| Untracked |  0
|  10|0x0000000705400000, 0x0000000705400000, 0x0000000705600000|  0%| F|  |TAMS 0x0000000705400000| PB 0x0000000705400000| Untracked |  0
|  11|0x0000000705600000, 0x0000000705600000, 0x0000000705800000|  0%| F|  |TAMS 0x0000000705600000| PB 0x0000000705600000| Untracked |  0
|  12|0x0000000705800000, 0x0000000705800000, 0x0000000705a00000|  0%| F|  |TAMS 0x0000000705800000| PB 0x0000000705800000| Untracked |  0
|  13|0x0000000705a00000, 0x0000000705a00000, 0x0000000705c00000|  0%| F|  |TAMS 0x0000000705a00000| PB 0x0000000705a00000| Untracked |  0
|  14|0x0000000705c00000, 0x0000000705c00000, 0x0000000705e00000|  0%| F|  |TAMS 0x0000000705c00000| PB 0x0000000705c00000| Untracked |  0
|  15|0x0000000705e00000, 0x0000000705e00000, 0x0000000706000000|  0%| F|  |TAMS 0x0000000705e00000| PB 0x0000000705e00000| Untracked |  0
|  16|0x0000000706000000, 0x0000000706000000, 0x0000000706200000|  0%| F|  |TAMS 0x0000000706000000| PB 0x0000000706000000| Untracked |  0
|  17|0x0000000706200000, 0x0000000706200000, 0x0000000706400000|  0%| F|  |TAMS 0x0000000706200000| PB 0x0000000706200000| Untracked |  0
|  18|0x0000000706400000, 0x0000000706400000, 0x0000000706600000|  0%| F|  |TAMS 0x0000000706400000| PB 0x0000000706400000| Untracked |  0
|  19|0x0000000706600000, 0x0000000706600000, 0x0000000706800000|  0%| F|  |TAMS 0x0000000706600000| PB 0x0000000706600000| Untracked |  0
|  20|0x0000000706800000, 0x0000000706800000, 0x0000000706a00000|  0%| F|  |TAMS 0x0000000706800000| PB 0x0000000706800000| Untracked |  0
|  21|0x0000000706a00000, 0x0000000706a00000, 0x0000000706c00000|  0%| F|  |TAMS 0x0000000706a00000| PB 0x0000000706a00000| Untracked |  0
|  22|0x0000000706c00000, 0x0000000706c00000, 0x0000000706e00000|  0%| F|  |TAMS 0x0000000706c00000| PB 0x0000000706c00000| Untracked |  0
|  23|0x0000000706e00000, 0x0000000706e00000, 0x0000000707000000|  0%| F|  |TAMS 0x0000000706e00000| PB 0x0000000706e00000| Untracked |  0
|  24|0x0000000707000000, 0x0000000707000000, 0x0000000707200000|  0%| F|  |TAMS 0x0000000707000000| PB 0x0000000707000000| Untracked |  0
|  25|0x0000000707200000, 0x0000000707200000, 0x0000000707400000|  0%| F|  |TAMS 0x0000000707200000| PB 0x0000000707200000| Untracked |  0
|  26|0x0000000707400000, 0x0000000707400000, 0x0000000707600000|  0%| F|  |TAMS 0x0000000707400000| PB 0x0000000707400000| Untracked |  0
|  27|0x0000000707600000, 0x0000000707600000, 0x0000000707800000|  0%| F|  |TAMS 0x0000000707600000| PB 0x0000000707600000| Untracked |  0
|  28|0x0000000707800000, 0x0000000707800000, 0x0000000707a00000|  0%| F|  |TAMS 0x0000000707800000| PB 0x0000000707800000| Untracked |  0
|  29|0x0000000707a00000, 0x0000000707a00000, 0x0000000707c00000|  0%| F|  |TAMS 0x0000000707a00000| PB 0x0000000707a00000| Untracked |  0
|  30|0x0000000707c00000, 0x0000000707c00000, 0x0000000707e00000|  0%| F|  |TAMS 0x0000000707c00000| PB 0x0000000707c00000| Untracked |  0
|  31|0x0000000707e00000, 0x0000000707e00000, 0x0000000708000000|  0%| F|  |TAMS 0x0000000707e00000| PB 0x0000000707e00000| Untracked |  0
|  32|0x0000000708000000, 0x0000000708000000, 0x0000000708200000|  0%| F|  |TAMS 0x0000000708000000| PB 0x0000000708000000| Untracked |  0
|  33|0x0000000708200000, 0x0000000708200000, 0x0000000708400000|  0%| F|  |TAMS 0x0000000708200000| PB 0x0000000708200000| Untracked |  0
|  34|0x0000000708400000, 0x0000000708400000, 0x0000000708600000|  0%| F|  |TAMS 0x0000000708400000| PB 0x0000000708400000| Untracked |  0
|  35|0x0000000708600000, 0x0000000708600000, 0x0000000708800000|  0%| F|  |TAMS 0x0000000708600000| PB 0x0000000708600000| Untracked |  0
|  36|0x0000000708800000, 0x0000000708800000, 0x0000000708a00000|  0%| F|  |TAMS 0x0000000708800000| PB 0x0000000708800000| Untracked |  0
|  37|0x0000000708a00000, 0x0000000708a00000, 0x0000000708c00000|  0%| F|  |TAMS 0x0000000708a00000| PB 0x0000000708a00000| Untracked |  0
|  38|0x0000000708c00000, 0x0000000708c00000, 0x0000000708e00000|  0%| F|  |TAMS 0x0000000708c00000| PB 0x0000000708c00000| Untracked |  0
|  39|0x0000000708e00000, 0x0000000708e00000, 0x0000000709000000|  0%| F|  |TAMS 0x0000000708e00000| PB 0x0000000708e00000| Untracked |  0
|  40|0x0000000709000000, 0x0000000709000000, 0x0000000709200000|  0%| F|  |TAMS 0x0000000709000000| PB 0x0000000709000000| Untracked |  0
|  41|0x0000000709200000, 0x0000000709200000, 0x0000000709400000|  0%| F|  |TAMS 0x0000000709200000| PB 0x0000000709200000| Untracked |  0
|  42|0x0000000709400000, 0x0000000709400000, 0x0000000709600000|  0%| F|  |TAMS 0x0000000709400000| PB 0x0000000709400000| Untracked |  0
|  43|0x0000000709600000, 0x0000000709600000, 0x0000000709800000|  0%| F|  |TAMS 0x0000000709600000| PB 0x0000000709600000| Untracked |  0
|  44|0x0000000709800000, 0x0000000709800000, 0x0000000709a00000|  0%| F|  |TAMS 0x0000000709800000| PB 0x0000000709800000| Untracked |  0
|  45|0x0000000709a00000, 0x0000000709a00000, 0x0000000709c00000|  0%| F|  |TAMS 0x0000000709a00000| PB 0x0000000709a00000| Untracked |  0
|  46|0x0000000709c00000, 0x0000000709c00000, 0x0000000709e00000|  0%| F|  |TAMS 0x0000000709c00000| PB 0x0000000709c00000| Untracked |  0
|  47|0x0000000709e00000, 0x0000000709e00000, 0x000000070a000000|  0%| F|  |TAMS 0x0000000709e00000| PB 0x0000000709e00000| Untracked |  0
|  48|0x000000070a000000, 0x000000070a000000, 0x000000070a200000|  0%| F|  |TAMS 0x000000070a000000| PB 0x000000070a000000| Untracked |  0
|  49|0x000000070a200000, 0x000000070a200000, 0x000000070a400000|  0%| F|  |TAMS 0x000000070a200000| PB 0x000000070a200000| Untracked |  0
|  50|0x000000070a400000, 0x000000070a400000, 0x000000070a600000|  0%| F|  |TAMS 0x000000070a400000| PB 0x000000070a400000| Untracked |  0
|  51|0x000000070a600000, 0x000000070a600000, 0x000000070a800000|  0%| F|  |TAMS 0x000000070a600000| PB 0x000000070a600000| Untracked |  0
|  52|0x000000070a800000, 0x000000070a800000, 0x000000070aa00000|  0%| F|  |TAMS 0x000000070a800000| PB 0x000000070a800000| Untracked |  0
|  53|0x000000070aa00000, 0x000000070aa00000, 0x000000070ac00000|  0%| F|  |TAMS 0x000000070aa00000| PB 0x000000070aa00000| Untracked |  0
|  54|0x000000070ac00000, 0x000000070ac00000, 0x000000070ae00000|  0%| F|  |TAMS 0x000000070ac00000| PB 0x000000070ac00000| Untracked |  0
|  55|0x000000070ae00000, 0x000000070ae00000, 0x000000070b000000|  0%| F|  |TAMS 0x000000070ae00000| PB 0x000000070ae00000| Untracked |  0
|  56|0x000000070b000000, 0x000000070b000000, 0x000000070b200000|  0%| F|  |TAMS 0x000000070b000000| PB 0x000000070b000000| Untracked |  0
|  57|0x000000070b200000, 0x000000070b200000, 0x000000070b400000|  0%| F|  |TAMS 0x000000070b200000| PB 0x000000070b200000| Untracked |  0
|  58|0x000000070b400000, 0x000000070b400000, 0x000000070b600000|  0%| F|  |TAMS 0x000000070b400000| PB 0x000000070b400000| Untracked |  0
|  59|0x000000070b600000, 0x000000070b600000, 0x000000070b800000|  0%| F|  |TAMS 0x000000070b600000| PB 0x000000070b600000| Untracked |  0
|  60|0x000000070b800000, 0x000000070b800000, 0x000000070ba00000|  0%| F|  |TAMS 0x000000070b800000| PB 0x000000070b800000| Untracked |  0
|  61|0x000000070ba00000, 0x000000070ba00000, 0x000000070bc00000|  0%| F|  |TAMS 0x000000070ba00000| PB 0x000000070ba00000| Untracked |  0
|  62|0x000000070bc00000, 0x000000070bc00000, 0x000000070be00000|  0%| F|  |TAMS 0x000000070bc00000| PB 0x000000070bc00000| Untracked |  0
|  63|0x000000070be00000, 0x000000070be00000, 0x000000070c000000|  0%| F|  |TAMS 0x000000070be00000| PB 0x000000070be00000| Untracked |  0
|  64|0x000000070c000000, 0x000000070c000000, 0x000000070c200000|  0%| F|  |TAMS 0x000000070c000000| PB 0x000000070c000000| Untracked |  0
|  65|0x000000070c200000, 0x000000070c200000, 0x000000070c400000|  0%| F|  |TAMS 0x000000070c200000| PB 0x000000070c200000| Untracked |  0
|  66|0x000000070c400000, 0x000000070c400000, 0x000000070c600000|  0%| F|  |TAMS 0x000000070c400000| PB 0x000000070c400000| Untracked |  0
|  67|0x000000070c600000, 0x000000070c600000, 0x000000070c800000|  0%| F|  |TAMS 0x000000070c600000| PB 0x000000070c600000| Untracked |  0
|  68|0x000000070c800000, 0x000000070c800000, 0x000000070ca00000|  0%| F|  |TAMS 0x000000070c800000| PB 0x000000070c800000| Untracked |  0
|  69|0x000000070ca00000, 0x000000070ca00000, 0x000000070cc00000|  0%| F|  |TAMS 0x000000070ca00000| PB 0x000000070ca00000| Untracked |  0
|  70|0x000000070cc00000, 0x000000070cc00000, 0x000000070ce00000|  0%| F|  |TAMS 0x000000070cc00000| PB 0x000000070cc00000| Untracked |  0
|  71|0x000000070ce00000, 0x000000070ce00000, 0x000000070d000000|  0%| F|  |TAMS 0x000000070ce00000| PB 0x000000070ce00000| Untracked |  0
|  72|0x000000070d000000, 0x000000070d000000, 0x000000070d200000|  0%| F|  |TAMS 0x000000070d000000| PB 0x000000070d000000| Untracked |  0
|  73|0x000000070d200000, 0x000000070d200000, 0x000000070d400000|  0%| F|  |TAMS 0x000000070d200000| PB 0x000000070d200000| Untracked |  0
|  74|0x000000070d400000, 0x000000070d400000, 0x000000070d600000|  0%| F|  |TAMS 0x000000070d400000| PB 0x000000070d400000| Untracked |  0
|  75|0x000000070d600000, 0x000000070d600000, 0x000000070d800000|  0%| F|  |TAMS 0x000000070d600000| PB 0x000000070d600000| Untracked |  0
|  76|0x000000070d800000, 0x000000070d800000, 0x000000070da00000|  0%| F|  |TAMS 0x000000070d800000| PB 0x000000070d800000| Untracked |  0
|  77|0x000000070da00000, 0x000000070da00000, 0x000000070dc00000|  0%| F|  |TAMS 0x000000070da00000| PB 0x000000070da00000| Untracked |  0
|  78|0x000000070dc00000, 0x000000070dc00000, 0x000000070de00000|  0%| F|  |TAMS 0x000000070dc00000| PB 0x000000070dc00000| Untracked |  0
|  79|0x000000070de00000, 0x000000070de00000, 0x000000070e000000|  0%| F|  |TAMS 0x000000070de00000| PB 0x000000070de00000| Untracked |  0
|  80|0x000000070e000000, 0x000000070e000000, 0x000000070e200000|  0%| F|  |TAMS 0x000000070e000000| PB 0x000000070e000000| Untracked |  0
|  81|0x000000070e200000, 0x000000070e200000, 0x000000070e400000|  0%| F|  |TAMS 0x000000070e200000| PB 0x000000070e200000| Untracked |  0
|  82|0x000000070e400000, 0x000000070e400000, 0x000000070e600000|  0%| F|  |TAMS 0x000000070e400000| PB 0x000000070e400000| Untracked |  0
|  83|0x000000070e600000, 0x000000070e600000, 0x000000070e800000|  0%| F|  |TAMS 0x000000070e600000| PB 0x000000070e600000| Untracked |  0
|  84|0x000000070e800000, 0x000000070e800000, 0x000000070ea00000|  0%| F|  |TAMS 0x000000070e800000| PB 0x000000070e800000| Untracked |  0
|  85|0x000000070ea00000, 0x000000070ea00000, 0x000000070ec00000|  0%| F|  |TAMS 0x000000070ea00000| PB 0x000000070ea00000| Untracked |  0
|  86|0x000000070ec00000, 0x000000070ec00000, 0x000000070ee00000|  0%| F|  |TAMS 0x000000070ec00000| PB 0x000000070ec00000| Untracked |  0
|  87|0x000000070ee00000, 0x000000070ee00000, 0x000000070f000000|  0%| F|  |TAMS 0x000000070ee00000| PB 0x000000070ee00000| Untracked |  0
|  88|0x000000070f000000, 0x000000070f000000, 0x000000070f200000|  0%| F|  |TAMS 0x000000070f000000| PB 0x000000070f000000| Untracked |  0
|  89|0x000000070f200000, 0x000000070f200000, 0x000000070f400000|  0%| F|  |TAMS 0x000000070f200000| PB 0x000000070f200000| Untracked |  0
|  90|0x000000070f400000, 0x000000070f400000, 0x000000070f600000|  0%| F|  |TAMS 0x000000070f400000| PB 0x000000070f400000| Untracked |  0
|  91|0x000000070f600000, 0x000000070f600000, 0x000000070f800000|  0%| F|  |TAMS 0x000000070f600000| PB 0x000000070f600000| Untracked |  0
|  92|0x000000070f800000, 0x000000070f800000, 0x000000070fa00000|  0%| F|  |TAMS 0x000000070f800000| PB 0x000000070f800000| Untracked |  0
|  93|0x000000070fa00000, 0x000000070fa00000, 0x000000070fc00000|  0%| F|  |TAMS 0x000000070fa00000| PB 0x000000070fa00000| Untracked |  0
|  94|0x000000070fc00000, 0x000000070fc00000, 0x000000070fe00000|  0%| F|  |TAMS 0x000000070fc00000| PB 0x000000070fc00000| Untracked |  0
|  95|0x000000070fe00000, 0x000000070fe00000, 0x0000000710000000|  0%| F|  |TAMS 0x000000070fe00000| PB 0x000000070fe00000| Untracked |  0
|  96|0x0000000710000000, 0x0000000710000000, 0x0000000710200000|  0%| F|  |TAMS 0x0000000710000000| PB 0x0000000710000000| Untracked |  0
|  97|0x0000000710200000, 0x0000000710200000, 0x0000000710400000|  0%| F|  |TAMS 0x0000000710200000| PB 0x0000000710200000| Untracked |  0
|  98|0x0000000710400000, 0x0000000710400000, 0x0000000710600000|  0%| F|  |TAMS 0x0000000710400000| PB 0x0000000710400000| Untracked |  0
|  99|0x0000000710600000, 0x0000000710600000, 0x0000000710800000|  0%| F|  |TAMS 0x0000000710600000| PB 0x0000000710600000| Untracked |  0
| 100|0x0000000710800000, 0x0000000710800000, 0x0000000710a00000|  0%| F|  |TAMS 0x0000000710800000| PB 0x0000000710800000| Untracked |  0
| 101|0x0000000710a00000, 0x0000000710a00000, 0x0000000710c00000|  0%| F|  |TAMS 0x0000000710a00000| PB 0x0000000710a00000| Untracked |  0
| 102|0x0000000710c00000, 0x0000000710c00000, 0x0000000710e00000|  0%| F|  |TAMS 0x0000000710c00000| PB 0x0000000710c00000| Untracked |  0
| 103|0x0000000710e00000, 0x0000000710e00000, 0x0000000711000000|  0%| F|  |TAMS 0x0000000710e00000| PB 0x0000000710e00000| Untracked |  0
| 104|0x0000000711000000, 0x0000000711000000, 0x0000000711200000|  0%| F|  |TAMS 0x0000000711000000| PB 0x0000000711000000| Untracked |  0
| 105|0x0000000711200000, 0x0000000711200000, 0x0000000711400000|  0%| F|  |TAMS 0x0000000711200000| PB 0x0000000711200000| Untracked |  0
| 106|0x0000000711400000, 0x0000000711400000, 0x0000000711600000|  0%| F|  |TAMS 0x0000000711400000| PB 0x0000000711400000| Untracked |  0
| 107|0x0000000711600000, 0x0000000711600000, 0x0000000711800000|  0%| F|  |TAMS 0x0000000711600000| PB 0x0000000711600000| Untracked |  0
| 108|0x0000000711800000, 0x0000000711800000, 0x0000000711a00000|  0%| F|  |TAMS 0x0000000711800000| PB 0x0000000711800000| Untracked |  0
| 109|0x0000000711a00000, 0x0000000711a00000, 0x0000000711c00000|  0%| F|  |TAMS 0x0000000711a00000| PB 0x0000000711a00000| Untracked |  0
| 110|0x0000000711c00000, 0x0000000711c00000, 0x0000000711e00000|  0%| F|  |TAMS 0x0000000711c00000| PB 0x0000000711c00000| Untracked |  0
| 111|0x0000000711e00000, 0x0000000711e00000, 0x0000000712000000|  0%| F|  |TAMS 0x0000000711e00000| PB 0x0000000711e00000| Untracked |  0
| 112|0x0000000712000000, 0x0000000712000000, 0x0000000712200000|  0%| F|  |TAMS 0x0000000712000000| PB 0x0000000712000000| Untracked |  0
| 113|0x0000000712200000, 0x0000000712200000, 0x0000000712400000|  0%| F|  |TAMS 0x0000000712200000| PB 0x0000000712200000| Untracked |  0
| 114|0x0000000712400000, 0x0000000712400000, 0x0000000712600000|  0%| F|  |TAMS 0x0000000712400000| PB 0x0000000712400000| Untracked |  0
| 115|0x0000000712600000, 0x0000000712600000, 0x0000000712800000|  0%| F|  |TAMS 0x0000000712600000| PB 0x0000000712600000| Untracked |  0
| 116|0x0000000712800000, 0x0000000712800000, 0x0000000712a00000|  0%| F|  |TAMS 0x0000000712800000| PB 0x0000000712800000| Untracked |  0
| 117|0x0000000712a00000, 0x0000000712af5c50, 0x0000000712c00000| 48%| E|  |TAMS 0x0000000712a00000| PB 0x0000000712a00000| Complete |  0
| 118|0x0000000712c00000, 0x0000000712e00000, 0x0000000712e00000|100%| E|CS|TAMS 0x0000000712c00000| PB 0x0000000712c00000| Complete |  0
| 119|0x0000000712e00000, 0x0000000713000000, 0x0000000713000000|100%| E|CS|TAMS 0x0000000712e00000| PB 0x0000000712e00000| Complete |  0
| 120|0x0000000713000000, 0x0000000713200000, 0x0000000713200000|100%| E|CS|TAMS 0x0000000713000000| PB 0x0000000713000000| Complete |  0
| 121|0x0000000713200000, 0x0000000713400000, 0x0000000713400000|100%| E|CS|TAMS 0x0000000713200000| PB 0x0000000713200000| Complete |  0
| 122|0x0000000713400000, 0x0000000713600000, 0x0000000713600000|100%| E|CS|TAMS 0x0000000713400000| PB 0x0000000713400000| Complete |  0
| 123|0x0000000713600000, 0x0000000713800000, 0x0000000713800000|100%| E|CS|TAMS 0x0000000713600000| PB 0x0000000713600000| Complete |  0
| 124|0x0000000713800000, 0x0000000713a00000, 0x0000000713a00000|100%| E|CS|TAMS 0x0000000713800000| PB 0x0000000713800000| Complete |  0
| 125|0x0000000713a00000, 0x0000000713c00000, 0x0000000713c00000|100%| E|CS|TAMS 0x0000000713a00000| PB 0x0000000713a00000| Complete |  0
|2014|0x00000007ffc00000, 0x00000007ffe00000, 0x00000007ffe00000|100%| O|  |TAMS 0x00000007ffc00000| PB 0x00000007ffc00000| Untracked |  0
|2015|0x00000007ffe00000, 0x00000007ffe3efa0, 0x0000000800000000| 12%| O|  |TAMS 0x00000007ffe00000| PB 0x00000007ffe00000| Untracked |  0

Card table byte_map: [0x000001e9c1b50000,0x000001e9c2330000] _byte_map_base: 0x000001e9be330000

Marking Bits: (CMBitMap*) 0x000001e9adfecda0
 Bits: [0x000001e9c2330000, 0x000001e9c6230000)

Polling page: 0x000001e9ad750000

Metaspace:
Metaspace        used 3337K, committed 3584K, reserved 1114112K
 class space     used 389K, committed 512K, reserved 1048576K

Usage:
  Non-class:      2.88 MB used.
      Class:    389.27 KB used.
       Both:      3.26 MB used.

Virtual space:
  Non-class space:       64.00 MB reserved,       3.00 MB (  5%) committed,  1 nodes.
      Class space:        1.00 GB reserved,     512.00 KB ( <1%) committed,  1 nodes.
             Both:        1.06 GB reserved,       3.50 MB ( <1%) committed. 

Chunk freelists:
   Non-Class:  10.55 MB
       Class:  15.48 MB
        Both:  26.03 MB

MaxMetaspaceSize: unlimited
CompressedClassSpaceSize: 1.00 GB
Initial GC threshold: 21.00 MB
Current GC threshold: 21.00 MB
CDS: on
 - commit_granule_bytes: 65536.
 - commit_granule_words: 8192.
 - virtual_space_node_default_size: 8388608.
 - enlarge_chunks_in_place: 1.
UseCompressedClassPointers 1, UseCompactObjectHeaders 0
Narrow klass pointer bits 32, Max shift 3
Narrow klass base: 0x0000000015000000, Narrow klass shift: 0
Encoding Range: [0x0000000015000000 - 0x0000000115000000), (4294967296 bytes)
Klass Range:    [0x0000000015010000 - 0x0000000057000000), (1107230720 bytes)
Klass ID Range:  [65536 - 1107296249) (1107230713)
Protection zone: [0x0000000015000000 - 0x0000000015010000), (65536 bytes)


Internal statistics:

num_allocs_failed_limit: 0.
num_arena_births: 94.
num_arena_deaths: 0.
num_vsnodes_births: 2.
num_vsnodes_deaths: 0.
num_space_committed: 56.
num_space_uncommitted: 0.
num_chunks_returned_to_freelist: 0.
num_chunks_taken_from_freelist: 203.
num_chunk_merges: 0.
num_chunk_splits: 126.
num_chunks_enlarged: 77.
num_inconsistent_stats: 0.

CodeHeap 'non-profiled nmethods': size=119168Kb used=334Kb max_used=334Kb free=118834Kb
 bounds [0x000001e9b9690000, 0x000001e9b9900000, 0x000001e9c0af0000]
CodeHeap 'profiled nmethods': size=119168Kb used=1719Kb max_used=1719Kb free=117448Kb
 bounds [0x000001e9b1ae0000, 0x000001e9b1d50000, 0x000001e9b8f40000]
CodeHeap 'non-nmethods': size=7488Kb used=3104Kb max_used=3127Kb free=4383Kb
 bounds [0x000001e9b8f40000, 0x000001e9b9260000, 0x000001e9b9690000]
CodeCache: size=245824Kb, used=5157Kb, max_used=5180Kb, free=240665Kb
 total_blobs=1785, nmethods=1250, adapters=435, full_count=0
Compilation: enabled, stopped_count=0, restarted_count=0

Compilation events (20 events):
Event: 0.856 Thread 0x000001e9ce685bb0 1222       3       java.lang.Byte::<init> (10 bytes)
Event: 0.856 Thread 0x000001e9ce6819e0 nmethod 1246 0x000001e9b1c89288 code [0x000001e9b1c89380, 0x000001e9b1c895e8]
Event: 0.856 Thread 0x000001e9ce6819e0 1223       3       java.util.Objects::hash (5 bytes)
Event: 0.856 Thread 0x000001e9ce685bb0 nmethod 1222 0x000001e9b1c89608 code [0x000001e9b1c89700, 0x000001e9b1c898c8]
Event: 0.856 Thread 0x000001e9ce685bb0 1224       3       java.util.Arrays::hashCode (15 bytes)
Event: 0.856 Thread 0x000001e9ce6819e0 nmethod 1223 0x000001e9b1c89908 code [0x000001e9b1c89a00, 0x000001e9b1c89bc8]
Event: 0.856 Thread 0x000001e9ce6819e0 1247       3       java.lang.StringBuilder::<init> (6 bytes)
Event: 0.856 Thread 0x000001e9ce6819e0 nmethod 1247 0x000001e9b1c89c08 code [0x000001e9b1c89d00, 0x000001e9b1c89e30]
Event: 0.856 Thread 0x000001e9ce685bb0 nmethod 1224 0x000001e9b1c89f08 code [0x000001e9b1c8a000, 0x000001e9b1c8a188]
Event: 0.856 Thread 0x000001e9c9691190 nmethod 1215 0x000001e9b96e2808 code [0x000001e9b96e2920, 0x000001e9b96e3488]
Event: 0.856 Thread 0x000001e9c8d86300 nmethod 1244 0x000001e9b1c8a208 code [0x000001e9b1c8a300, 0x000001e9b1c8aa30]
Event: 0.856 Thread 0x000001e9c94c0000 nmethod 1237 0x000001e9b1c8aa88 code [0x000001e9b1c8ab80, 0x000001e9b1c8d378]
Event: 0.857 Thread 0x000001e9c94c0000 1248       3       jdk.internal.misc.Unsafe::checkOffset (32 bytes)
Event: 0.857 Thread 0x000001e9ce6819e0 1249       3       jdk.internal.misc.Unsafe::checkSize (32 bytes)
Event: 0.857 Thread 0x000001e9c94c0000 nmethod 1248 0x000001e9b1c8d388 code [0x000001e9b1c8d480, 0x000001e9b1c8d6e8]
Event: 0.857 Thread 0x000001e9ce6819e0 nmethod 1249 0x000001e9b1c8d708 code [0x000001e9b1c8d800, 0x000001e9b1c8da68]
Event: 0.857 Thread 0x000001e9c8d86300 1250       1       java.util.concurrent.atomic.AtomicInteger::get (5 bytes)
Event: 0.857 Thread 0x000001e9c8d86300 nmethod 1250 0x000001e9b96e3508 code [0x000001e9b96e3600, 0x000001e9b96e36c8]
Event: 0.857 Thread 0x000001e9ce6819e0 1251       3       java.util.stream.AbstractPipeline::isParallel (8 bytes)
Event: 0.857 Thread 0x000001e9ce6819e0 nmethod 1251 0x000001e9b1c8da88 code [0x000001e9b1c8db80, 0x000001e9b1c8dc98]

GC Heap Usage History (0 events):
No events

Metaspace Usage History (0 events):
No events

Dll operation events (2 events):
Event: 0.008 Loaded shared library D:\develop\IDEA2023\jbr\bin\java.dll
Event: 0.649 Loaded shared library D:\develop\IDEA2023\jbr\bin\zip.dll

Deoptimization events (20 events):
Event: 0.833 Thread 0x000001e9c8d730b0 Uncommon trap: trap_request=0xffffff5e fr.pc=0x000001e9b96d7904 relative=0x0000000000000204
Event: 0.833 Thread 0x000001e9c8d730b0 Uncommon trap: reason=speculate_class_check action=maybe_recompile pc=0x000001e9b96d7904 method=sun.security.util.math.intpoly.IntegerPolynomial.multByInt([JJ)V @ 26 c2
Event: 0.833 Thread 0x000001e9c8d730b0 DEOPT PACKING pc=0x000001e9b96d7904 sp=0x000000a6d1efe470
Event: 0.833 Thread 0x000001e9c8d730b0 DEOPT UNPACKING pc=0x000001e9b9061e02 sp=0x000000a6d1efe380 mode 2
Event: 0.858 Thread 0x000001e9c8d730b0 Uncommon trap: trap_request=0xffffffd6 fr.pc=0x000001e9b96e2f80 relative=0x0000000000000660
Event: 0.858 Thread 0x000001e9c8d730b0 Uncommon trap: reason=array_check action=maybe_recompile pc=0x000001e9b96e2f80 method=jdk.internal.classfile.impl.SplitConstantPool.internalAdd(Ljava/lang/classfile/constantpool/PoolEntry;I)Ljava/lang/classfile/constantpool/PoolEntry; @ 46 c2
Event: 0.858 Thread 0x000001e9c8d730b0 DEOPT PACKING pc=0x000001e9b96e2f80 sp=0x000000a6d1efd640
Event: 0.858 Thread 0x000001e9c8d730b0 DEOPT UNPACKING pc=0x000001e9b9061e02 sp=0x000000a6d1efd5d0 mode 2
Event: 0.858 Thread 0x000001e9c8d730b0 Uncommon trap: trap_request=0xffffffd6 fr.pc=0x000001e9b96e2f80 relative=0x0000000000000660
Event: 0.858 Thread 0x000001e9c8d730b0 Uncommon trap: reason=array_check action=maybe_recompile pc=0x000001e9b96e2f80 method=jdk.internal.classfile.impl.SplitConstantPool.internalAdd(Ljava/lang/classfile/constantpool/PoolEntry;I)Ljava/lang/classfile/constantpool/PoolEntry; @ 46 c2
Event: 0.858 Thread 0x000001e9c8d730b0 DEOPT PACKING pc=0x000001e9b96e2f80 sp=0x000000a6d1efd640
Event: 0.858 Thread 0x000001e9c8d730b0 DEOPT UNPACKING pc=0x000001e9b9061e02 sp=0x000000a6d1efd5d0 mode 2
Event: 0.858 Thread 0x000001e9c8d730b0 Uncommon trap: trap_request=0xffffffd6 fr.pc=0x000001e9b96e2f80 relative=0x0000000000000660
Event: 0.858 Thread 0x000001e9c8d730b0 Uncommon trap: reason=array_check action=maybe_recompile pc=0x000001e9b96e2f80 method=jdk.internal.classfile.impl.SplitConstantPool.internalAdd(Ljava/lang/classfile/constantpool/PoolEntry;I)Ljava/lang/classfile/constantpool/PoolEntry; @ 46 c2
Event: 0.858 Thread 0x000001e9c8d730b0 DEOPT PACKING pc=0x000001e9b96e2f80 sp=0x000000a6d1efd4a0
Event: 0.858 Thread 0x000001e9c8d730b0 DEOPT UNPACKING pc=0x000001e9b9061e02 sp=0x000000a6d1efd430 mode 2
Event: 0.858 Thread 0x000001e9c8d730b0 Uncommon trap: trap_request=0xffffffd6 fr.pc=0x000001e9b96e2f80 relative=0x0000000000000660
Event: 0.858 Thread 0x000001e9c8d730b0 Uncommon trap: reason=array_check action=maybe_recompile pc=0x000001e9b96e2f80 method=jdk.internal.classfile.impl.SplitConstantPool.internalAdd(Ljava/lang/classfile/constantpool/PoolEntry;I)Ljava/lang/classfile/constantpool/PoolEntry; @ 46 c2
Event: 0.858 Thread 0x000001e9c8d730b0 DEOPT PACKING pc=0x000001e9b96e2f80 sp=0x000000a6d1efd4a0
Event: 0.858 Thread 0x000001e9c8d730b0 DEOPT UNPACKING pc=0x000001e9b9061e02 sp=0x000000a6d1efd430 mode 2

Classes loaded (20 events):
Event: 0.834 Loading class com/sun/crypto/provider/HKDFKeyDerivation done
Event: 0.834 Loading class com/sun/crypto/provider/HKDFKeyDerivation$HKDFSHA256 done
Event: 0.834 Loading class com/sun/crypto/provider/HKDFKeyDerivation$SupportedHmac
Event: 0.834 Loading class com/sun/crypto/provider/HKDFKeyDerivation$SupportedHmac done
Event: 0.834 Loading class javax/crypto/KDF$Delegate
Event: 0.834 Loading class javax/crypto/KDF$Delegate done
Event: 0.834 Loading class javax/crypto/spec/HKDFParameterSpec
Event: 0.834 Loading class javax/crypto/spec/HKDFParameterSpec done
Event: 0.834 Loading class javax/crypto/spec/HKDFParameterSpec$Builder
Event: 0.834 Loading class javax/crypto/spec/HKDFParameterSpec$Builder done
Event: 0.834 Loading class javax/crypto/spec/HKDFParameterSpec$Extract
Event: 0.834 Loading class javax/crypto/spec/HKDFParameterSpec$Extract done
Event: 0.835 Loading class javax/crypto/spec/HKDFParameterSpec$Expand
Event: 0.835 Loading class javax/crypto/spec/HKDFParameterSpec$Expand done
Event: 0.836 Loading class com/sun/crypto/provider/AEADBufferedStream
Event: 0.836 Loading class com/sun/crypto/provider/AEADBufferedStream done
Event: 0.838 Loading class jdk/internal/event/X509CertificateEvent
Event: 0.839 Loading class jdk/internal/event/X509CertificateEvent done
Event: 0.842 Loading class jdk/internal/event/TLSHandshakeEvent
Event: 0.842 Loading class jdk/internal/event/TLSHandshakeEvent done

Classes unloaded (0 events):
No events

Classes redefined (0 events):
No events

Internal exceptions (19 events):
Event: 0.683 Thread 0x000001e9abcaedc0 Exception <a 'sun/nio/fs/WindowsException'{0x000000071399a9a8}> (0x000000071399a9a8) 
thrown [s\src\hotspot\share\prims\jni.cpp, line 535]
Event: 0.708 Thread 0x000001e9abcaedc0 Exception <a 'java/lang/NoSuchMethodError'{0x000000071370dcf0}: 'java.lang.Object java.lang.invoke.DirectMethodHandle$Holder.invokeStaticInit(java.lang.Object, java.lang.Object, int, int, int, int)'> (0x000000071370dcf0) 
thrown [s\src\hotspot\share\interpreter\linkResolver.cpp, line 815]
Event: 0.718 Thread 0x000001e9abcaedc0 Exception <a 'java/lang/NoSuchMethodError'{0x000000071379ac18}: 'int java.lang.invoke.DirectMethodHandle$Holder.invokeSpecialIFC(java.lang.Object, java.lang.Object, java.lang.Object)'> (0x000000071379ac18) 
thrown [s\src\hotspot\share\interpreter\linkResolver.cpp, line 815]
Event: 0.729 Thread 0x000001e9abcaedc0 Exception <a 'java/lang/NoSuchMethodError'{0x00000007134952e0}: 'long java.lang.invoke.DirectMethodHandle$Holder.invokeSpecial(java.lang.Object, java.lang.Object)'> (0x00000007134952e0) 
thrown [s\src\hotspot\share\interpreter\linkResolver.cpp, line 815]
Event: 0.730 Thread 0x000001e9abcaedc0 Exception <a 'java/lang/NoSuchMethodError'{0x00000007134ac1f0}: 'int java.lang.invoke.DirectMethodHandle$Holder.invokeStatic(java.lang.Object, java.lang.Object, java.lang.Object, java.lang.Object)'> (0x00000007134ac1f0) 
thrown [s\src\hotspot\share\interpreter\linkResolver.cpp, line 815]
Event: 0.759 Thread 0x000001e9abcaedc0 Exception <a 'java/lang/NoSuchMethodError'{0x0000000713209838}: 'java.lang.Object java.lang.invoke.DirectMethodHandle$Holder.newInvokeSpecial(java.lang.Object, java.lang.Object, java.lang.Object, java.lang.Object, java.lang.Object)'> (0x0000000713209838) 
thrown [s\src\hotspot\share\interpreter\linkResolver.cpp, line 815]
Event: 0.771 Thread 0x000001e9abcaedc0 Exception <a 'java/lang/NoSuchMethodError'{0x00000007132eb8d8}: 'java.lang.Object java.lang.invoke.DirectMethodHandle$Holder.invokeSpecial(java.lang.Object, java.lang.Object, java.lang.Object, java.lang.Object, java.lang.Object, int)'> (0x00000007132eb8d8) 
thrown [s\src\hotspot\share\interpreter\linkResolver.cpp, line 815]
Event: 0.771 Thread 0x000001e9abcaedc0 Exception <a 'java/lang/NoSuchMethodError'{0x00000007132fcb70}: 'java.lang.Object java.lang.invoke.Invokers$Holder.linkToTargetMethod(java.lang.Object, java.lang.Object, int, java.lang.Object)'> (0x00000007132fcb70) 
thrown [s\src\hotspot\share\interpreter\linkResolver.cpp, line 815]
Event: 0.773 Thread 0x000001e9abcaedc0 Exception <a 'java/lang/NoSuchMethodError'{0x000000071331eb50}: 'void java.lang.invoke.DirectMethodHandle$Holder.invokeSpecial(java.lang.Object, java.lang.Object, java.lang.Object)'> (0x000000071331eb50) 
thrown [s\src\hotspot\share\interpreter\linkResolver.cpp, line 815]
Event: 0.779 Thread 0x000001e9c8d6ea60 Exception <a 'java/lang/NoSuchMethodError'{0x00000007135fdda0}: 'int java.lang.invoke.DirectMethodHandle$Holder.invokeStatic(java.lang.Object, int, java.lang.Object)'> (0x00000007135fdda0) 
thrown [s\src\hotspot\share\interpreter\linkResolver.cpp, line 815]
Event: 0.780 Thread 0x000001e9c8d6ea60 Exception <a 'java/lang/NoSuchMethodError'{0x0000000713006888}: 'void java.lang.invoke.DirectMethodHandle$Holder.invokeStatic(java.lang.Object, java.lang.Object, int)'> (0x0000000713006888) 
thrown [s\src\hotspot\share\interpreter\linkResolver.cpp, line 815]
Event: 0.781 Thread 0x000001e9c8d6ea60 Exception <a 'java/lang/NoSuchMethodError'{0x0000000713015ba8}: 'java.lang.Object java.lang.invoke.DirectMethodHandle$Holder.newInvokeSpecial(java.lang.Object, java.lang.Object, int)'> (0x0000000713015ba8) 
thrown [s\src\hotspot\share\interpreter\linkResolver.cpp, line 815]
Event: 0.781 Thread 0x000001e9abcaedc0 Exception <a 'java/lang/NoSuchMethodError'{0x00000007133e4748}: 'void java.lang.invoke.DirectMethodHandle$Holder.invokeSpecial(java.lang.Object, java.lang.Object, java.lang.Object, java.lang.Object, java.lang.Object)'> (0x00000007133e4748) 
thrown [s\src\hotspot\share\interpreter\linkResolver.cpp, line 815]
Event: 0.784 Thread 0x000001e9c8d730b0 Exception <a 'java/lang/NoSuchMethodError'{0x0000000712e021d0}: 'void java.lang.invoke.DirectMethodHandle$Holder.invokeInterface(java.lang.Object, java.lang.Object, java.lang.Object)'> (0x0000000712e021d0) 
thrown [s\src\hotspot\share\interpreter\linkResolver.cpp, line 815]
Event: 0.789 Thread 0x000001e9c8d730b0 Exception <a 'java/lang/NoSuchMethodError'{0x0000000712e8ea48}: 'long java.lang.invoke.DirectMethodHandle$Holder.invokeStatic(java.lang.Object, long, long)'> (0x0000000712e8ea48) 
thrown [s\src\hotspot\share\interpreter\linkResolver.cpp, line 815]
Event: 0.789 Thread 0x000001e9c8d6ea60 Exception <a 'java/lang/NoSuchMethodError'{0x0000000713053f18}: 'long java.lang.invoke.DirectMethodHandle$Holder.invokeStatic(java.lang.Object, long, long)'> (0x0000000713053f18) 
thrown [s\src\hotspot\share\interpreter\linkResolver.cpp, line 815]
Event: 0.826 Thread 0x000001e9c8d730b0 Exception <a 'java/lang/NoSuchMethodError'{0x0000000712c1b340}: 'void java.lang.invoke.DirectMethodHandle$Holder.invokeInterface(java.lang.Object, java.lang.Object)'> (0x0000000712c1b340) 
thrown [s\src\hotspot\share\interpreter\linkResolver.cpp, line 815]
Event: 0.830 Thread 0x000001e9c8d730b0 Exception <a 'java/lang/NoSuchMethodError'{0x0000000712c5ecd8}: 'java.lang.Object java.lang.invoke.Invokers$Holder.invoke_MT(java.lang.Object, java.lang.Object, java.lang.Object, java.lang.Object, java.lang.Object, java.lang.Object)'> (0x0000000712c5ecd8) 
thrown [s\src\hotspot\share\interpreter\linkResolver.cpp, line 815]
Event: 0.843 Thread 0x000001e9c8d730b0 Exception <a 'java/lang/NoSuchMethodError'{0x0000000712d16b80}: 'void java.lang.invoke.DirectMethodHandle$Holder.invokeStatic(java.lang.Object, java.lang.Object, java.lang.Object, java.lang.Object)'> (0x0000000712d16b80) 
thrown [s\src\hotspot\share\interpreter\linkResolver.cpp, line 815]

VM Operations (2 events):
Event: 0.701 Executing non-safepoint VM operation: HandshakeAllThreads (Deoptimize)
Event: 0.701 Executing non-safepoint VM operation: HandshakeAllThreads (Deoptimize) done

Memory protections (0 events):
No events

Nmethod flushes (0 events):
No events

Events (20 events):
Event: 0.655 Thread 0x000001e9abcaedc0 Thread added: 0x000001e9c8d45630
Event: 0.655 Thread 0x000001e9abcaedc0 Thread added: 0x000001e9c8d48d70
Event: 0.655 Thread 0x000001e9abcaedc0 Thread added: 0x000001e9c8d4aab0
Event: 0.655 Thread 0x000001e9abcaedc0 Thread added: 0x000001e9c8d772c0
Event: 0.655 Thread 0x000001e9abcaedc0 Thread added: 0x000001e9c8d86300
Event: 0.657 Thread 0x000001e9abcaedc0 Thread added: 0x000001e9c8d701d0
Event: 0.659 Loaded shared library D:\develop\IDEA2023\jbr\bin\net.dll
Event: 0.660 Loaded shared library D:\develop\IDEA2023\jbr\bin\nio.dll
Event: 0.661 Loaded shared library D:\develop\IDEA2023\jbr\bin\zip.dll
Event: 0.663 Thread 0x000001e9c8d86300 Thread added: 0x000001e9c94c0000
Event: 0.687 Loaded shared library D:\develop\IDEA2023\jbr\bin\jimage.dll
Event: 0.694 Thread 0x000001e9c94c0000 Thread added: 0x000001e9c9691190
Event: 0.741 Loaded shared library D:\develop\IDEA2023\jbr\bin\sunmscapi.dll
Event: 0.754 Loaded shared library D:\develop\IDEA2023\jbr\bin\extnet.dll
Event: 0.757 Thread 0x000001e9abcaedc0 Thread added: 0x000001e9c8d6ea60
Event: 0.783 Thread 0x000001e9c8d6ea60 Thread added: 0x000001e9c8d730b0
Event: 0.790 Thread 0x000001e9c8d6ea60 Thread added: 0x000001e9c8d74050
Event: 0.800 Thread 0x000001e9c94c0000 Thread added: 0x000001e9ce562330
Event: 0.855 Thread 0x000001e9c8d86300 Thread added: 0x000001e9ce6819e0
Event: 0.855 Thread 0x000001e9c8d86300 Thread added: 0x000001e9ce685bb0


Dynamic libraries:
0x00007ff7f9380000 - 0x00007ff7f938a000 	D:\develop\IDEA2023\jbr\bin\java.exe
0x00007ffb96760000 - 0x00007ffb969c6000 	C:\WINDOWS\SYSTEM32\ntdll.dll
0x00007ffb95110000 - 0x00007ffb951d9000 	C:\WINDOWS\System32\KERNEL32.DLL
0x00007ffb93ea0000 - 0x00007ffb9429a000 	C:\WINDOWS\System32\KERNELBASE.dll
0x00007ffb93c20000 - 0x00007ffb93d6c000 	C:\WINDOWS\System32\ucrtbase.dll
0x00007ffb23be0000 - 0x00007ffb23bfe000 	D:\develop\IDEA2023\jbr\bin\VCRUNTIME140.dll
0x00007ffb20ad0000 - 0x00007ffb20ae7000 	D:\develop\IDEA2023\jbr\bin\jli.dll
0x00007ffb96160000 - 0x00007ffb96327000 	C:\WINDOWS\System32\USER32.dll
0x00007ffb942a0000 - 0x00007ffb942c7000 	C:\WINDOWS\System32\win32u.dll
0x00007ffb7cf20000 - 0x00007ffb7d1b2000 	C:\WINDOWS\WinSxS\amd64_microsoft.windows.common-controls_6595b64144ccf1df_6.0.26100.8521_none_3e08b75ce33403b3\COMCTL32.dll
0x00007ffb966f0000 - 0x00007ffb9671b000 	C:\WINDOWS\System32\GDI32.dll
0x00007ffb94530000 - 0x00007ffb945d9000 	C:\WINDOWS\System32\msvcrt.dll
0x00007ffb93d70000 - 0x00007ffb93e9b000 	C:\WINDOWS\System32\gdi32full.dll
0x00007ffb939f0000 - 0x00007ffb93a93000 	C:\WINDOWS\System32\msvcp_win.dll
0x00007ffb95cc0000 - 0x00007ffb95cf2000 	C:\WINDOWS\System32\IMM32.DLL
0x00007ffb30f70000 - 0x00007ffb30f7c000 	D:\develop\IDEA2023\jbr\bin\vcruntime140_1.dll
0x00007ffb11030000 - 0x00007ffb110b9000 	D:\develop\IDEA2023\jbr\bin\msvcp140.dll
0x00007ffb0f8b0000 - 0x00007ffb10805000 	D:\develop\IDEA2023\jbr\bin\server\jvm.dll
0x00007ffb965a0000 - 0x00007ffb96656000 	C:\WINDOWS\System32\ADVAPI32.dll
0x00007ffb964f0000 - 0x00007ffb9659a000 	C:\WINDOWS\System32\sechost.dll
0x00007ffb95410000 - 0x00007ffb95528000 	C:\WINDOWS\System32\RPCRT4.dll
0x00007ffb95f90000 - 0x00007ffb96010000 	C:\WINDOWS\System32\WS2_32.dll
0x00007ffb8a910000 - 0x00007ffb8a91b000 	C:\WINDOWS\SYSTEM32\VERSION.dll
0x00007ffb93850000 - 0x00007ffb938ae000 	C:\WINDOWS\SYSTEM32\POWRPROF.dll
0x00007ffb8acc0000 - 0x00007ffb8acf6000 	C:\WINDOWS\SYSTEM32\WINMM.dll
0x00007ffb93830000 - 0x00007ffb93844000 	C:\WINDOWS\SYSTEM32\UMPDC.dll
0x00007ffb926e0000 - 0x00007ffb926fb000 	C:\WINDOWS\SYSTEM32\kernel.appcore.dll
0x00007ffb2b3a0000 - 0x00007ffb2b3aa000 	D:\develop\IDEA2023\jbr\bin\jimage.dll
0x00007ffb743f0000 - 0x00007ffb74632000 	C:\WINDOWS\SYSTEM32\DBGHELP.DLL
0x00007ffb945e0000 - 0x00007ffb94963000 	C:\WINDOWS\System32\combase.dll
0x00007ffb95030000 - 0x00007ffb95109000 	C:\WINDOWS\System32\OLEAUT32.dll
0x00007ffb73d00000 - 0x00007ffb73d3b000 	C:\WINDOWS\SYSTEM32\dbgcore.DLL
0x00007ffb94360000 - 0x00007ffb94408000 	C:\WINDOWS\System32\bcryptPrimitives.dll
0x00007ffb20790000 - 0x00007ffb207af000 	D:\develop\IDEA2023\jbr\bin\java.dll
0x00007ffb94e00000 - 0x00007ffb94f98000 	C:\WINDOWS\System32\ole32.dll
0x00007ffb95530000 - 0x00007ffb95cb4000 	C:\WINDOWS\System32\SHELL32.dll
0x00007ffb915f0000 - 0x00007ffb91e70000 	C:\WINDOWS\SYSTEM32\windows.storage.dll
0x00007ffb96050000 - 0x00007ffb96146000 	C:\WINDOWS\System32\SHCORE.dll
0x00007ffb951e0000 - 0x00007ffb95247000 	C:\WINDOWS\System32\shlwapi.dll
0x00007ffb93910000 - 0x00007ffb93939000 	C:\WINDOWS\SYSTEM32\profapi.dll
0x00007ffb20590000 - 0x00007ffb205a6000 	D:\develop\IDEA2023\jbr\bin\zip.dll
0x00007ffb1bf60000 - 0x00007ffb1bf72000 	D:\develop\IDEA2023\jbr\bin\net.dll
0x00007ffb92cf0000 - 0x00007ffb92d5c000 	C:\WINDOWS\system32\mswsock.dll
0x00007ffb1aa10000 - 0x00007ffb1aa26000 	D:\develop\IDEA2023\jbr\bin\nio.dll
0x00007ffb92fd0000 - 0x00007ffb92feb000 	C:\WINDOWS\SYSTEM32\CRYPTSP.dll
0x00007ffb92700000 - 0x00007ffb92739000 	C:\WINDOWS\system32\rsaenh.dll
0x00007ffb92da0000 - 0x00007ffb92dd3000 	C:\WINDOWS\SYSTEM32\USERENV.dll
0x00007ffb938e0000 - 0x00007ffb9390a000 	C:\WINDOWS\SYSTEM32\bcrypt.dll
0x00007ffb92ff0000 - 0x00007ffb92ffc000 	C:\WINDOWS\SYSTEM32\CRYPTBASE.dll
0x00007ffb92180000 - 0x00007ffb921b3000 	C:\WINDOWS\SYSTEM32\IPHLPAPI.DLL
0x00007ffb96150000 - 0x00007ffb9615a000 	C:\WINDOWS\System32\NSI.dll
0x00007ffb21060000 - 0x00007ffb2106e000 	D:\develop\IDEA2023\jbr\bin\sunmscapi.dll
0x00007ffb93aa0000 - 0x00007ffb93c18000 	C:\WINDOWS\System32\CRYPT32.dll
0x00007ffb931f0000 - 0x00007ffb93220000 	C:\WINDOWS\SYSTEM32\ncrypt.dll
0x00007ffb931a0000 - 0x00007ffb931df000 	C:\WINDOWS\SYSTEM32\NTASN1.dll
0x00007ffb8d8d0000 - 0x00007ffb8d8d8000 	C:\WINDOWS\system32\wshunix.dll
0x00007ffb20270000 - 0x00007ffb20279000 	D:\develop\IDEA2023\jbr\bin\extnet.dll

JVMTI agents: none

dbghelp: loaded successfully - version: 4.0.5 - missing functions: none
symbol engine: initialized successfully - sym options: 0x614 - pdb path: .;D:\develop\IDEA2023\jbr\bin;C:\WINDOWS\SYSTEM32;C:\WINDOWS\WinSxS\amd64_microsoft.windows.common-controls_6595b64144ccf1df_6.0.26100.8521_none_3e08b75ce33403b3;D:\develop\IDEA2023\jbr\bin\server

VM Arguments:
java_command: git4idea.http.GitAskPassApp Username for 'https://github.com': 
java_class_path (initial): D:/develop/IDEA2023/plugins/vcs-git/lib/git4idea-rt.jar;D:/develop/IDEA2023/lib/externalProcess-rt.jar
Launcher Type: SUN_STANDARD

[Global flags]
     intx CICompilerCount                          = 12                                        {product} {ergonomic}
     uint ConcGCThreads                            = 3                                         {product} {ergonomic}
     uint G1ConcRefinementThreads                  = 13                                        {product} {ergonomic}
   size_t G1HeapRegionSize                         = 2097152                                   {product} {ergonomic}
   size_t InitialHeapSize                          = 264241152                                 {product} {ergonomic}
   size_t MarkStackSize                            = 4194304                                   {product} {ergonomic}
   size_t MarkStackSizeMax                         = 536870912                                 {product} {ergonomic}
   size_t MaxHeapSize                              = 4227858432                                {product} {ergonomic}
   size_t MaxNewSize                               = 2535456768                                {product} {ergonomic}
   size_t MinHeapDeltaBytes                        = 2097152                                   {product} {ergonomic}
   size_t MinHeapSize                              = 8388608                                   {product} {ergonomic}
    uintx NonNMethodCodeHeapSize                   = 7667712                                {pd product} {ergonomic}
    uintx NonProfiledCodeHeapSize                  = 122028032                              {pd product} {ergonomic}
    uintx ProfiledCodeHeapSize                     = 122028032                              {pd product} {ergonomic}
    uintx ReservedCodeCacheSize                    = 251723776                              {pd product} {ergonomic}
     bool SegmentedCodeCache                       = true                                      {product} {ergonomic}
   size_t SoftMaxHeapSize                          = 4227858432                             {manageable} {ergonomic}
     bool UseCompressedOops                        = true                           {product lp64_product} {ergonomic}
     bool UseG1GC                                  = true                                      {product} {ergonomic}
     bool UseLargePagesIndividualAllocation        = false                                  {pd product} {ergonomic}

Logging:
Log output configuration:
 #0: stdout all=warning uptime,level,tags foldmultilines=false
 #1: stderr all=off uptime,level,tags foldmultilines=false

Release file:
JAVA_VERSION="25.0.3" 
MODULES="java.base java.compiler java.datatransfer java.xml java.prefs java.desktop java.instrument java.logging java.management java.security.sasl java.naming java.rmi java.management.rmi java.net.http java.scripting java.security.jgss java.transaction.xa java.sql java.sql.rowset java.xml.crypto java.se java.smartcardio jdk.accessibility jdk.internal.jvmstat jdk.attach jdk.charsets jdk.internal.opt jdk.zipfs jdk.compiler jdk.crypto.cryptoki jdk.crypto.ec jdk.crypto.mscapi jdk.dynalink jdk.hotspot.agent jdk.httpserver jdk.internal.ed jdk.internal.le jdk.internal.md jdk.internal.vm.ci jdk.javadoc jdk.jcmd jdk.jdwp.agent jdk.jdi jdk.jfr jdk.localedata jdk.management jdk.management.agent jdk.management.jfr jdk.naming.dns jdk.naming.rmi jdk.net jdk.sctp jdk.security.auth jdk.security.jgss jdk.unsupported jdk.unsupported.desktop jdk.xml.dom" 
IMPLEMENTOR="JetBrains s.r.o." 
IMPLEMENTOR_VERSION="JBR-25.0.3+9-508.16-nomod" 
JAVA_RUNTIME_VERSION="25.0.3+9-b508.16" 
LIBC="default" 
OS_ARCH="x86_64" 
OS_NAME="Windows" 
SOURCE=".:git:c624f1bd9587+" 

Environment Variables:
JAVA_HOME=D:\develop\jdk\java17
PATH=D:/tools/Git/mingw64/libexec/git-core;D:/tools/Git/mingw64/libexec/git-core;D:\tools\Git\mingw64\bin;D:\tools\Git\usr\bin;C:\Users\17\bin;C:\Program Files\Common Files\Oracle\Java\javapath;D:\develop\jdk\java17;C:\WINDOWS\system32;C:\WINDOWS;C:\WINDOWS\System32\Wbem;C:\WINDOWS\System32\WindowsPowerShell\v1.0\;C:\WINDOWS\System32\OpenSSH\;D:\software\apache-maven-3.8.9\bin;D:\develop\redis5.0;D:\software\nodejs\;D:\tools\Git\cmd;C:\Users\17\AppData\Local\Microsoft\WindowsApps;D:\develop\cursor\resources\app\bin;D:\software\nodejs\node_global;D:\develop\PyCharm2026\bin
USERNAME=17
DISPLAY=:0.0
LC_ALL=en_US.UTF-8
TERM=xterm-256color
TMPDIR=C:\Users\17\AppData\Local\Temp
OS=Windows_NT
PROCESSOR_IDENTIFIER=Intel64 Family 6 Model 151 Stepping 2, GenuineIntel
TMP=C:\Users\17\AppData\Local\Temp
TEMP=C:\Users\17\AppData\Local\Temp




Compilation memory statistics disabled.

Periodic native trim disabled

JNI global refs:
JNI global refs: 28, weak refs: 0

JNI global refs memory usage: 835, weak refs: 201

Process memory usage:
Resident Set Size: 95948K (0% of 16512432K total physical memory with 898300K free physical memory)

OOME stack traces (most recent first):
Classloader memory used:
Loader bootstrap                                                                       : 1735 K
Loader jdk.internal.loader.ClassLoaders$PlatformClassLoader                            : 1576 K
Loader jdk.internal.loader.ClassLoaders$AppClassLoader                                 : 25952 B

---------------  S Y S T E M  ---------------

OS:
 Windows 11 , 64 bit Build 26100 (10.0.26100.8521)
OS uptime: 14 days 5:53 hours

CPU: total 16 (initial active 16) (8 cores per cpu, 2 threads per core) family 6 model 151 stepping 2 microcode 0x18, cx8, cmov, fxsr, ht, mmx, 3dnowpref, sse, sse2, sse3, ssse3, sse4.1, sse4.2, popcnt, lzcnt, tsc, tscinvbit, avx, avx2, aes, erms, clmul, bmi1, bmi2, adx, sha, fma, vzeroupper, clflush, clflushopt, clwb, serialize, rdtscp, rdpid, fsrm, gfni, f16c, pku, cet_ibt, cet_ss
Processor Information for processor 0
  Max Mhz: 3700, Current Mhz: 3700, Mhz Limit: 3700
Processor Information for processor 1
  Max Mhz: 3700, Current Mhz: 3700, Mhz Limit: 3700
Processor Information for processor 2
  Max Mhz: 3700, Current Mhz: 3700, Mhz Limit: 3700
Processor Information for processor 3
  Max Mhz: 3700, Current Mhz: 3700, Mhz Limit: 3700
Processor Information for processor 4
  Max Mhz: 3700, Current Mhz: 3700, Mhz Limit: 3700
Processor Information for processor 5
  Max Mhz: 3700, Current Mhz: 3700, Mhz Limit: 3700
Processor Information for processor 6
  Max Mhz: 3700, Current Mhz: 3700, Mhz Limit: 3700
Processor Information for processor 7
  Max Mhz: 3700, Current Mhz: 3700, Mhz Limit: 3700
Processor Information for processor 8
  Max Mhz: 3700, Current Mhz: 3700, Mhz Limit: 3700
Processor Information for processor 9
  Max Mhz: 3700, Current Mhz: 3700, Mhz Limit: 3700
Processor Information for processor 10
  Max Mhz: 3700, Current Mhz: 3700, Mhz Limit: 3700
Processor Information for processor 11
  Max Mhz: 3700, Current Mhz: 3700, Mhz Limit: 3700
Processor Information for processor 12
  Max Mhz: 3700, Current Mhz: 2800, Mhz Limit: 2775
Processor Information for processor 13
  Max Mhz: 3700, Current Mhz: 2800, Mhz Limit: 2775
Processor Information for processor 14
  Max Mhz: 3700, Current Mhz: 2800, Mhz Limit: 2775
Processor Information for processor 15
  Max Mhz: 3700, Current Mhz: 2800, Mhz Limit: 2775

Memory: 4k page, system-wide physical 16125M (877M free)
TotalPageFile size 35325M (AvailPageFile size 24M)
current process WorkingSet (physical memory assigned to process): 93M, peak: 95M
current process commit charge ("private bytes"): 389M, peak: 390M

vm_info: OpenJDK 64-Bit Server VM (25.0.3+9-b508.16) for windows-amd64 JRE (25.0.3+9-b508.16), built on 2026-06-22 with MS VC++ 17.14 (VS2022)

END.
